> Task :compileJava UP-TO-DATE
> Task :processResources UP-TO-DATE
> Task :classes UP-TO-DATE
> Task :compileTestJava UP-TO-DATE
> Task :processTestResources UP-TO-DATE
> Task :testClasses UP-TO-DATE

> Task :test

LoginTest > loginWithWrongPassword_shouldFail() FAILED
    java.lang.IllegalStateException at DefaultCacheAwareContextLoaderDelegate.java:180
        Caused by: org.springframework.beans.factory.UnsatisfiedDependencyException at AutowiredAnnotationBeanPostProcessor.java:787
            Caused by: org.springframework.beans.factory.BeanCreationException at AbstractAutowireCapableBeanFactory.java:534
                Caused by: java.lang.IllegalArgumentException at PropertyPlaceholderHelper.java:180

LoginTest > loginWithEmail_shouldSucceed() FAILED
    java.lang.IllegalStateException at DefaultCacheAwareContextLoaderDelegate.java:145

> Task :test FAILED

[Incubating] Problems report is available at: file:///D:/hari/hari/build/reports/problems/problems-report.html

Deprecated Gradle features were used in this build, making it incompatible with Gradle 9.0.

You can use '--warning-mode all' to show the individual deprecation warnings and determine if they come from your own scripts or plugins.

For more on this, please refer to https://docs.gradle.org/8.14.3/userguide/command_line_interface.html#sec:command_line_warnings in the Gradle documentation.
5 actionable tasks: 1 executed, 4 up-to-date
